Melindas-MBP:~ MelindaMcGowan$ cd desktop
Melindas-MBP:desktop MelindaMcGowan$ cd DojoAssignments
Melindas-MBP:DojoAssignments MelindaMcGowan$ cd WebFundamentals
Melindas-MBP:WebFundamentals MelindaMcGowan$ cd Git
Melindas-MBP:Git MelindaMcGowan$ mkdir basic_repo
Melindas-MBP:Git MelindaMcGowan$ cd basic_repo
Melindas-MBP:basic_repo MelindaMcGowan$ git init
Initialized empty Git repository in /Users/MelindaMcGowan/Desktop/DojoAssignments/WebFundamentals/Git/basic_repo/.git/
Melindas-MBP:basic_repo MelindaMcGowan$ touch readme.md aboutMe.txt
Melindas-MBP:basic_repo MelindaMcGowan$ ls
aboutMe.txt	readme.md
Melindas-MBP:basic_repo MelindaMcGowan$ git status
On branch master

Initial commit

Untracked files:
  (use "git add <file>..." to include in what will be committed)

	aboutMe.txt
	readme.md

nothing added to commit but untracked files present (use "git add" to track)
Melindas-MBP:basic_repo MelindaMcGowan$ git add .
Melindas-MBP:basic_repo MelindaMcGowan$ git commit -m "initial commit"
[master (root-commit) 23fb784] initial commit
 2 files changed, 0 insertions(+), 0 deletions(-)
 create mode 100644 aboutMe.txt
 create mode 100644 readme.md
Melindas-MBP:basic_repo MelindaMcGowan$ git status
On branch master
nothing to commit, working tree clean
Melindas-MBP:basic_repo MelindaMcGowan$ atom aboutMe.txt
Melindas-MBP:basic_repo MelindaMcGowan$ git status
On branch master
Changes not staged for commit:
  (use "git add <file>..." to update what will be committed)
  (use "git checkout -- <file>..." to discard changes in working directory)

	modified:   aboutMe.txt

no changes added to commit (use "git add" and/or "git commit -a")
Melindas-MBP:basic_repo MelindaMcGowan$ atom readme.md
Melindas-MBP:basic_repo MelindaMcGowan$ git status
On branch master
Changes not staged for commit:
  (use "git add <file>..." to update what will be committed)
  (use "git checkout -- <file>..." to discard changes in working directory)

	modified:   aboutMe.txt
	modified:   readme.md

no changes added to commit (use "git add" and/or "git commit -a")
Melindas-MBP:basic_repo MelindaMcGowan$ git add .
Melindas-MBP:basic_repo MelindaMcGowan$ git commit -m "added name, fav color and fav tv show to aboutMe and updated readme saying this project will be pushed to GH"
[master 5acefe7] added name, fav color and fav tv show to aboutMe and updated readme saying this project will be pushed to GH
 2 files changed, 4 insertions(+)
Melindas-MBP:basic_repo MelindaMcGowan$ git status
On branch master
nothing to commit, working tree clean
Melindas-MBP:basic_repo MelindaMcGowan$ git remote add origin https://github.com/mlmcgowa/basic_repo.git
Melindas-MBP:basic_repo MelindaMcGowan$ git push -u origin master
Counting objects: 7, done.
Delta compression using up to 4 threads.
Compressing objects: 100% (6/6), done.
Writing objects: 100% (7/7), 661 bytes | 0 bytes/s, done.
Total 7 (delta 0), reused 0 (delta 0)
To https://github.com/mlmcgowa/basic_repo.git
 * [new branch]      master -> master
Branch master set up to track remote branch master from origin.
Melindas-MBP:basic_repo MelindaMcGowan$ git status
On branch master
Your branch is up-to-date with 'origin/master'.
Changes not staged for commit:
  (use "git add <file>..." to update what will be committed)
  (use "git checkout -- <file>..." to discard changes in working directory)

	modified:   aboutMe.txt

no changes added to commit (use "git add" and/or "git commit -a")
Melindas-MBP:basic_repo MelindaMcGowan$ git add .
Melindas-MBP:basic_repo MelindaMcGowan$ git commit -m "added fav vacation spot to aboutMe"
[master 0c983bb] added fav vacation spot to aboutMe
 1 file changed, 1 insertion(+)
Melindas-MBP:basic_repo MelindaMcGowan$ git push origin master
Counting objects: 3, done.
Delta compression using up to 4 threads.
Compressing objects: 100% (3/3), done.
Writing objects: 100% (3/3), 375 bytes | 0 bytes/s, done.
Total 3 (delta 0), reused 0 (delta 0)
To https://github.com/mlmcgowa/basic_repo.git
   5acefe7..0c983bb  master -> master
Melindas-MBP:basic_repo MelindaMcGowan$ 
